1
2
2.5
1
2
2.5
1
2
2.5
1
2
2.5
1
2
2.5
1
2
2.5
1
2
2.5
1
2
2.5
1
2
2.5
1
2
2.5
1
2
2.5
1
2
2.5
1
2
2.5
1
2
2.5
1
2
2.5
1
2
2.5
1
2
2.5
1
2
2.5
1
2
2.5
1
2
2.5
1
2
2.5
1
2
2.5
1
2
2.5
1
2
2.5
26
26
26
26
26
26
26
26
26
